src/components/inventory/InventoryV2Components.tsx(1,1): error TS6133: 'React' is declared but its value is never read.
src/services/inventoryAuditService.ts(112,5): error TS6133: 'userId' is declared but its value is never read.
src/services/inventoryAuditService.ts(144,5): error TS2322: Type '{ id: any; outlet_id: any; outlet_name: any; outlet_code: any; period: any; status: any; items_total: any; items_counted: any; variance_positive: any; variance_negative: any; created_by: any; created_by_name: any; ... 7 more ...; status_label: any; }[]' is not assignable to type 'Audit[]'.
  Property 'updated_at' is missing in type '{ id: any; outlet_id: any; outlet_name: any; outlet_code: any; period: any; status: any; items_total: any; items_counted: any; variance_positive: any; variance_negative: any; created_by: any; created_by_name: any; ... 7 more ...; status_label: any; }' but required in type 'Audit'.
src/services/inventoryAuditService.ts(172,5): error TS6133: 'userId' is declared but its value is never read.
src/services/inventoryAuditService.ts(184,5): error TS2741: Property 'updated_at' is missing in type '{ id: any; outlet_id: any; outlet_name: any; outlet_code: any; period: any; status: any; items_total: any; items_counted: any; variance_positive: any; variance_negative: any; created_by: any; created_by_name: any; ... 7 more ...; status_label: any; }' but required in type 'Audit'.
src/services/inventoryAuditService.ts(212,5): error TS6133: 'userId' is declared but its value is never read.
src/services/inventoryAuditService.ts(285,5): error TS6133: 'userId' is declared but its value is never read.
src/services/inventoryAuditService.ts(597,5): error TS6133: 'userId' is declared but its value is never read.
src/services/inventoryMovementServiceV2.ts(368,9): error TS2322: Type 'ReasonCode' is not assignable to type '"found_stock" | "audit_surplus" | "count_correction" | "audit_shortage" | "opening_balance_correction"'.
  Type '"missing_stock"' is not assignable to type '"found_stock" | "audit_surplus" | "count_correction" | "audit_shortage" | "opening_balance_correction"'.
src/services/inventoryMovementServiceV2.ts(542,11): error TS6133: 'item' is declared but its value is never read.
src/services/inventoryMovementServiceV2.ts(553,9): error TS18047: 'fullItem' is possibly 'null'.
src/services/inventoryMovementServiceV2.ts(557,9): error TS18047: 'fullItem' is possibly 'null'.
src/services/inventoryMovementServiceV2.ts(561,9): error TS18047: 'fullItem' is possibly 'null'.
src/services/inventoryMovementServiceV2.ts(562,93): error TS18047: 'fullItem' is possibly 'null'.
src/services/inventoryServiceV2.ts(253,24): error TS2367: This comparison appears to be unintentional because the types '"active" | "draft"' and '"archived"' have no overlap.
src/services/inventoryServiceV2.ts(253,58): error TS2367: This comparison appears to be unintentional because the types '"active" | "draft"' and '"discontinued"' have no overlap.
